Looking in indexes: https://pypi.org/simple, https://pypi.ngc.nvidia.com
WARNING: Retrying (Retry(total=4, connect=None, read=None, redirect=None, status=None)) after connection broken by 'NewConnectionError('<pip._vendor.urllib3.connection.HTTPSConnection object at 0xfffff5c3e8a0>: Failed to establish a new connection: [Errno -2] Name or service not known')': /absl-py/
WARNING: Retrying (Retry(total=3, connect=None, read=None, redirect=None, status=None)) after connection broken by 'NewConnectionError('<pip._vendor.urllib3.connection.HTTPSConnection object at 0xfffff5c3e360>: Failed to establish a new connection: [Errno -2] Name or service not known')': /absl-py/
WARNING: Retrying (Retry(total=2, connect=None, read=None, redirect=None, status=None)) after connection broken by 'NewConnectionError('<pip._vendor.urllib3.connection.HTTPSConnection object at 0xfffff5c3ee70>: Failed to establish a new connection: [Errno -2] Name or service not known')': /absl-py/
WARNING: Retrying (Retry(total=1, connect=None, read=None, redirect=None, status=None)) after connection broken by 'NewConnectionError('<pip._vendor.urllib3.connection.HTTPSConnection object at 0xfffff5c3ecf0>: Failed to establish a new connection: [Errno -2] Name or service not known')': /absl-py/
WARNING: Retrying (Retry(total=0, connect=None, read=None, redirect=None, status=None)) after connection broken by 'NewConnectionError('<pip._vendor.urllib3.connection.HTTPSConnection object at 0xfffff5c3f230>: Failed to establish a new connection: [Errno -2] Name or service not known')': /absl-py/
Collecting absl-py==2.5.0 (from -r /data/spf-development-20261007-r1/repo/scripts/reproduction/safety/gb200/ifbench-cpu-h100-20261006.txt (line 5))
  Downloading absl_py-2.5.0-py3-none-any.whl.metadata (3.3 kB)
WARNING: Retrying (Retry(total=4, connect=None, read=None, redirect=None, status=None)) after connection broken by 'NewConnectionError('<pip._vendor.urllib3.connection.HTTPSConnection object at 0xfffff5c6f9e0>: Failed to establish a new connection: [Errno -2] Name or service not known')': /click/
WARNING: Retrying (Retry(total=3, connect=None, read=None, redirect=None, status=None)) after connection broken by 'NewConnectionError('<pip._vendor.urllib3.connection.HTTPSConnection object at 0xfffff5c6ff20>: Failed to establish a new connection: [Errno -2] Name or service not known')': /click/
WARNING: Retrying (Retry(total=2, connect=None, read=None, redirect=None, status=None)) after connection broken by 'NewConnectionError('<pip._vendor.urllib3.connection.HTTPSConnection object at 0xfffff5c98230>: Failed to establish a new connection: [Errno -2] Name or service not known')': /click/
WARNING: Retrying (Retry(total=1, connect=None, read=None, redirect=None, status=None)) after connection broken by 'NewConnectionError('<pip._vendor.urllib3.connection.HTTPSConnection object at 0xfffff5c98530>: Failed to establish a new connection: [Errno -2] Name or service not known')': /click/
WARNING: Retrying (Retry(total=0, connect=None, read=None, redirect=None, status=None)) after connection broken by 'NewConnectionError('<pip._vendor.urllib3.connection.HTTPSConnection object at 0xfffff5c98800>: Failed to establish a new connection: [Errno -2] Name or service not known')': /click/
Collecting click==8.5.0 (from -r /data/spf-development-20261007-r1/repo/scripts/reproduction/safety/gb200/ifbench-cpu-h100-20261006.txt (line 6))
  Downloading click-8.5.0-py3-none-any.whl.metadata (2.6 kB)
WARNING: Retrying (Retry(total=4, connect=None, read=None, redirect=None, status=None)) after connection broken by 'NewConnectionError('<pip._vendor.urllib3.connection.HTTPSConnection object at 0xfffff5c991f0>: Failed to establish a new connection: [Errno -2] Name or service not known')': /defusedxml/
WARNING: Retrying (Retry(total=3, connect=None, read=None, redirect=None, status=None)) after connection broken by 'NewConnectionError('<pip._vendor.urllib3.connection.HTTPSConnection object at 0xfffff5c985f0>: Failed to establish a new connection: [Errno -2] Name or service not known')': /defusedxml/
WARNING: Retrying (Retry(total=2, connect=None, read=None, redirect=None, status=None)) after connection broken by 'NewConnectionError('<pip._vendor.urllib3.connection.HTTPSConnection object at 0xfffff5c98230>: Failed to establish a new connection: [Errno -2] Name or service not known')': /defusedxml/
WARNING: Retrying (Retry(total=1, connect=None, read=None, redirect=None, status=None)) after connection broken by 'NewConnectionError('<pip._vendor.urllib3.connection.HTTPSConnection object at 0xfffff5c993d0>: Failed to establish a new connection: [Errno -2] Name or service not known')': /defusedxml/
WARNING: Retrying (Retry(total=0, connect=None, read=None, redirect=None, status=None)) after connection broken by 'NewConnectionError('<pip._vendor.urllib3.connection.HTTPSConnection object at 0xfffff5c99610>: Failed to establish a new connection: [Errno -2] Name or service not known')': /defusedxml/
Collecting defusedxml==0.7.1 (from -r /data/spf-development-20261007-r1/repo/scripts/reproduction/safety/gb200/ifbench-cpu-h100-20261006.txt (line 7))
  Downloading defusedxml-0.7.1-py2.py3-none-any.whl.metadata (32 kB)
WARNING: Retrying (Retry(total=4, connect=None, read=None, redirect=None, status=None)) after connection broken by 'NewConnectionError('<pip._vendor.urllib3.connection.HTTPSConnection object at 0xfffff5c99e80>: Failed to establish a new connection: [Errno -2] Name or service not known')': /emoji/
WARNING: Retrying (Retry(total=3, connect=None, read=None, redirect=None, status=None)) after connection broken by 'NewConnectionError('<pip._vendor.urllib3.connection.HTTPSConnection object at 0xfffff5c995b0>: Failed to establish a new connection: [Errno -2] Name or service not known')': /emoji/
WARNING: Retrying (Retry(total=2, connect=None, read=None, redirect=None, status=None)) after connection broken by 'NewConnectionError('<pip._vendor.urllib3.connection.HTTPSConnection object at 0xfffff5c99520>: Failed to establish a new connection: [Errno -2] Name or service not known')': /emoji/
WARNING: Retrying (Retry(total=1, connect=None, read=None, redirect=None, status=None)) after connection broken by 'NewConnectionError('<pip._vendor.urllib3.connection.HTTPSConnection object at 0xfffff5c985f0>: Failed to establish a new connection: [Errno -2] Name or service not known')': /emoji/
WARNING: Retrying (Retry(total=0, connect=None, read=None, redirect=None, status=None)) after connection broken by 'NewConnectionError('<pip._vendor.urllib3.connection.HTTPSConnection object at 0xfffff5c989b0>: Failed to establish a new connection: [Errno -2] Name or service not known')': /emoji/
Collecting emoji==2.14.1 (from -r /data/spf-development-20261007-r1/repo/scripts/reproduction/safety/gb200/ifbench-cpu-h100-20261006.txt (line 8))
  Downloading emoji-2.14.1-py3-none-any.whl.metadata (5.7 kB)
WARNING: Retrying (Retry(total=4, connect=None, read=None, redirect=None, status=None)) after connection broken by 'NewConnectionError('<pip._vendor.urllib3.connection.HTTPSConnection object at 0xfffff5ac0d40>: Failed to establish a new connection: [Errno -2] Name or service not known')': /immutabledict/
WARNING: Retrying (Retry(total=3, connect=None, read=None, redirect=None, status=None)) after connection broken by 'NewConnectionError('<pip._vendor.urllib3.connection.HTTPSConnection object at 0xfffff5ac1f70>: Failed to establish a new connection: [Errno -2] Name or service not known')': /immutabledict/
WARNING: Retrying (Retry(total=2, connect=None, read=None, redirect=None, status=None)) after connection broken by 'NewConnectionError('<pip._vendor.urllib3.connection.HTTPSConnection object at 0xfffff5ac22a0>: Failed to establish a new connection: [Errno -2] Name or service not known')': /immutabledict/
WARNING: Retrying (Retry(total=1, connect=None, read=None, redirect=None, status=None)) after connection broken by 'NewConnectionError('<pip._vendor.urllib3.connection.HTTPSConnection object at 0xfffff5ac2480>: Failed to establish a new connection: [Errno -2] Name or service not known')': /immutabledict/
WARNING: Retrying (Retry(total=0, connect=None, read=None, redirect=None, status=None)) after connection broken by 'NewConnectionError('<pip._vendor.urllib3.connection.HTTPSConnection object at 0xfffff5ac27b0>: Failed to establish a new connection: [Errno -2] Name or service not known')': /immutabledict/
Collecting immutabledict==4.2.1 (from -r /data/spf-development-20261007-r1/repo/scripts/reproduction/safety/gb200/ifbench-cpu-h100-20261006.txt (line 9))
  Downloading immutabledict-4.2.1-py3-none-any.whl.metadata (3.5 kB)
WARNING: Retrying (Retry(total=4, connect=None, read=None, redirect=None, status=None)) after connection broken by 'NewConnectionError('<pip._vendor.urllib3.connection.HTTPSConnection object at 0xfffff5b08350>: Failed to establish a new connection: [Errno -2] Name or service not known')': /joblib/
WARNING: Retrying (Retry(total=3, connect=None, read=None, redirect=None, status=None)) after connection broken by 'NewConnectionError('<pip._vendor.urllib3.connection.HTTPSConnection object at 0xfffff5b08ad0>: Failed to establish a new connection: [Errno -2] Name or service not known')': /joblib/
WARNING: Retrying (Retry(total=2, connect=None, read=None, redirect=None, status=None)) after connection broken by 'NewConnectionError('<pip._vendor.urllib3.connection.HTTPSConnection object at 0xfffff5b08d40>: Failed to establish a new connection: [Errno -2] Name or service not known')': /joblib/
WARNING: Retrying (Retry(total=1, connect=None, read=None, redirect=None, status=None)) after connection broken by 'NewConnectionError('<pip._vendor.urllib3.connection.HTTPSConnection object at 0xfffff5b08f50>: Failed to establish a new connection: [Errno -2] Name or service not known')': /joblib/
WARNING: Retrying (Retry(total=0, connect=None, read=None, redirect=None, status=None)) after connection broken by 'NewConnectionError('<pip._vendor.urllib3.connection.HTTPSConnection object at 0xfffff5b09130>: Failed to establish a new connection: [Errno -2] Name or service not known')': /joblib/
Collecting joblib==1.5.3 (from -r /data/spf-development-20261007-r1/repo/scripts/reproduction/safety/gb200/ifbench-cpu-h100-20261006.txt (line 10))
  Downloading joblib-1.5.3-py3-none-any.whl.metadata (5.5 kB)
WARNING: Retrying (Retry(total=4, connect=None, read=None, redirect=None, status=None)) after connection broken by 'NewConnectionError('<pip._vendor.urllib3.connection.HTTPSConnection object at 0xfffff5b08c80>: Failed to establish a new connection: [Errno -2] Name or service not known')': /langdetect/
WARNING: Retrying (Retry(total=3, connect=None, read=None, redirect=None, status=None)) after connection broken by 'NewConnectionError('<pip._vendor.urllib3.connection.HTTPSConnection object at 0xfffff5b09910>: Failed to establish a new connection: [Errno -2] Name or service not known')': /langdetect/
WARNING: Retrying (Retry(total=2, connect=None, read=None, redirect=None, status=None)) after connection broken by 'NewConnectionError('<pip._vendor.urllib3.connection.HTTPSConnection object at 0xfffff5b09b80>: Failed to establish a new connection: [Errno -2] Name or service not known')': /langdetect/
WARNING: Retrying (Retry(total=1, connect=None, read=None, redirect=None, status=None)) after connection broken by 'NewConnectionError('<pip._vendor.urllib3.connection.HTTPSConnection object at 0xfffff5b09dc0>: Failed to establish a new connection: [Errno -2] Name or service not known')': /langdetect/
WARNING: Retrying (Retry(total=0, connect=None, read=None, redirect=None, status=None)) after connection broken by 'NewConnectionError('<pip._vendor.urllib3.connection.HTTPSConnection object at 0xfffff5b0a060>: Failed to establish a new connection: [Errno -2] Name or service not known')': /langdetect/
Collecting langdetect==1.0.9 (from -r /data/spf-development-20261007-r1/repo/scripts/reproduction/safety/gb200/ifbench-cpu-h100-20261006.txt (line 11))
  Downloading langdetect-1.0.9.tar.gz (981 kB)
     ━━━━━━━━━━━━━━━━━━━━━━━━━━━━━━━━━━━━━━━ 981.5/981.5 kB 5.1 MB/s eta 0:00:00
  Installing build dependencies: started
  Installing build dependencies: finished with status 'done'
  Getting requirements to build wheel: started
  Getting requirements to build wheel: finished with status 'done'
  Preparing metadata (pyproject.toml): started
  Preparing metadata (pyproject.toml): finished with status 'done'
WARNING: Retrying (Retry(total=4, connect=None, read=None, redirect=None, status=None)) after connection broken by 'NewConnectionError('<pip._vendor.urllib3.connection.HTTPSConnection object at 0xfffff5b75f10>: Failed to establish a new connection: [Errno -2] Name or service not known')': /nltk/
WARNING: Retrying (Retry(total=3, connect=None, read=None, redirect=None, status=None)) after connection broken by 'NewConnectionError('<pip._vendor.urllib3.connection.HTTPSConnection object at 0xfffff5b76150>: Failed to establish a new connection: [Errno -2] Name or service not known')': /nltk/
WARNING: Retrying (Retry(total=2, connect=None, read=None, redirect=None, status=None)) after connection broken by 'NewConnectionError('<pip._vendor.urllib3.connection.HTTPSConnection object at 0xfffff5b76450>: Failed to establish a new connection: [Errno -2] Name or service not known')': /nltk/
WARNING: Retrying (Retry(total=1, connect=None, read=None, redirect=None, status=None)) after connection broken by 'NewConnectionError('<pip._vendor.urllib3.connection.HTTPSConnection object at 0xfffff5b76750>: Failed to establish a new connection: [Errno -2] Name or service not known')': /nltk/
WARNING: Retrying (Retry(total=0, connect=None, read=None, redirect=None, status=None)) after connection broken by 'NewConnectionError('<pip._vendor.urllib3.connection.HTTPSConnection object at 0xfffff5b76a20>: Failed to establish a new connection: [Errno -2] Name or service not known')': /nltk/
Collecting nltk==3.10.3 (from -r /data/spf-development-20261007-r1/repo/scripts/reproduction/safety/gb200/ifbench-cpu-h100-20261006.txt (line 12))
  Downloading nltk-3.10.3-py3-none-any.whl.metadata (3.2 kB)
WARNING: Retrying (Retry(total=4, connect=None, read=None, redirect=None, status=None)) after connection broken by 'NewConnectionError('<pip._vendor.urllib3.connection.HTTPSConnection object at 0xffffefb46270>: Failed to establish a new connection: [Errno -2] Name or service not known')': /regex/
WARNING: Retrying (Retry(total=3, connect=None, read=None, redirect=None, status=None)) after connection broken by 'NewConnectionError('<pip._vendor.urllib3.connection.HTTPSConnection object at 0xffffefb46330>: Failed to establish a new connection: [Errno -2] Name or service not known')': /regex/
WARNING: Retrying (Retry(total=2, connect=None, read=None, redirect=None, status=None)) after connection broken by 'NewConnectionError('<pip._vendor.urllib3.connection.HTTPSConnection object at 0xffffefb46630>: Failed to establish a new connection: [Errno -2] Name or service not known')': /regex/
WARNING: Retrying (Retry(total=1, connect=None, read=None, redirect=None, status=None)) after connection broken by 'NewConnectionError('<pip._vendor.urllib3.connection.HTTPSConnection object at 0xffffefb468a0>: Failed to establish a new connection: [Errno -2] Name or service not known')': /regex/
WARNING: Retrying (Retry(total=0, connect=None, read=None, redirect=None, status=None)) after connection broken by 'NewConnectionError('<pip._vendor.urllib3.connection.HTTPSConnection object at 0xffffefb46a20>: Failed to establish a new connection: [Errno -2] Name or service not known')': /regex/
Collecting regex==2026.7.19 (from -r /data/spf-development-20261007-r1/repo/scripts/reproduction/safety/gb200/ifbench-cpu-h100-20261006.txt (line 13))
  Downloading regex-2026.7.19-cp312-cp312-manylinux2014_aarch64.manylinux_2_17_aarch64.manylinux_2_28_aarch64.whl.metadata (40 kB)
     ━━━━━━━━━━━━━━━━━━━━━━━━━━━━━━━━━━━━━━━ 40.5/40.5 kB 207.5 MB/s eta 0:00:00
WARNING: Retrying (Retry(total=4, connect=None, read=None, redirect=None, status=None)) after connection broken by 'NewConnectionError('<pip._vendor.urllib3.connection.HTTPSConnection object at 0xffffefb47710>: Failed to establish a new connection: [Errno -2] Name or service not known')': /six/
WARNING: Retrying (Retry(total=3, connect=None, read=None, redirect=None, status=None)) after connection broken by 'NewConnectionError('<pip._vendor.urllib3.connection.HTTPSConnection object at 0xffffefb473e0>: Failed to establish a new connection: [Errno -2] Name or service not known')': /six/
WARNING: Retrying (Retry(total=2, connect=None, read=None, redirect=None, status=None)) after connection broken by 'NewConnectionError('<pip._vendor.urllib3.connection.HTTPSConnection object at 0xfffff5b773e0>: Failed to establish a new connection: [Errno -2] Name or service not known')': /six/
WARNING: Retrying (Retry(total=1, connect=None, read=None, redirect=None, status=None)) after connection broken by 'NewConnectionError('<pip._vendor.urllib3.connection.HTTPSConnection object at 0xffffefde41d0>: Failed to establish a new connection: [Errno -2] Name or service not known')': /six/
WARNING: Retrying (Retry(total=0, connect=None, read=None, redirect=None, status=None)) after connection broken by 'NewConnectionError('<pip._vendor.urllib3.connection.HTTPSConnection object at 0xffffefde4200>: Failed to establish a new connection: [Errno -2] Name or service not known')': /six/
Collecting six==1.17.0 (from -r /data/spf-development-20261007-r1/repo/scripts/reproduction/safety/gb200/ifbench-cpu-h100-20261006.txt (line 14))
  Downloading six-1.17.0-py2.py3-none-any.whl.metadata (1.7 kB)
WARNING: Retrying (Retry(total=4, connect=None, read=None, redirect=None, status=None)) after connection broken by 'NewConnectionError('<pip._vendor.urllib3.connection.HTTPSConnection object at 0xffffefde51f0>: Failed to establish a new connection: [Errno -2] Name or service not known')': /syllapy/
WARNING: Retrying (Retry(total=3, connect=None, read=None, redirect=None, status=None)) after connection broken by 'NewConnectionError('<pip._vendor.urllib3.connection.HTTPSConnection object at 0xffffefde55b0>: Failed to establish a new connection: [Errno -2] Name or service not known')': /syllapy/
WARNING: Retrying (Retry(total=2, connect=None, read=None, redirect=None, status=None)) after connection broken by 'NewConnectionError('<pip._vendor.urllib3.connection.HTTPSConnection object at 0xffffefde5820>: Failed to establish a new connection: [Errno -2] Name or service not known')': /syllapy/
WARNING: Retrying (Retry(total=1, connect=None, read=None, redirect=None, status=None)) after connection broken by 'NewConnectionError('<pip._vendor.urllib3.connection.HTTPSConnection object at 0xffffefde5a30>: Failed to establish a new connection: [Errno -2] Name or service not known')': /syllapy/
WARNING: Retrying (Retry(total=0, connect=None, read=None, redirect=None, status=None)) after connection broken by 'NewConnectionError('<pip._vendor.urllib3.connection.HTTPSConnection object at 0xffffefde5ca0>: Failed to establish a new connection: [Errno -2] Name or service not known')': /syllapy/
Collecting syllapy==0.8.0 (from -r /data/spf-development-20261007-r1/repo/scripts/reproduction/safety/gb200/ifbench-cpu-h100-20261006.txt (line 15))
  Downloading syllapy-0.8.0-py3-none-any.whl.metadata (1.2 kB)
WARNING: Retrying (Retry(total=4, connect=None, read=None, redirect=None, status=None)) after connection broken by 'NewConnectionError('<pip._vendor.urllib3.connection.HTTPSConnection object at 0xfffff4268470>: Failed to establish a new connection: [Errno -2] Name or service not known')': /tqdm/
WARNING: Retrying (Retry(total=3, connect=None, read=None, redirect=None, status=None)) after connection broken by 'NewConnectionError('<pip._vendor.urllib3.connection.HTTPSConnection object at 0xffffefde5130>: Failed to establish a new connection: [Errno -2] Name or service not known')': /tqdm/
WARNING: Retrying (Retry(total=2, connect=None, read=None, redirect=None, status=None)) after connection broken by 'NewConnectionError('<pip._vendor.urllib3.connection.HTTPSConnection object at 0xffffefde5b20>: Failed to establish a new connection: [Errno -2] Name or service not known')': /tqdm/
WARNING: Retrying (Retry(total=1, connect=None, read=None, redirect=None, status=None)) after connection broken by 'NewConnectionError('<pip._vendor.urllib3.connection.HTTPSConnection object at 0xffffefde5b80>: Failed to establish a new connection: [Errno -2] Name or service not known')': /tqdm/
WARNING: Retrying (Retry(total=0, connect=None, read=None, redirect=None, status=None)) after connection broken by 'NewConnectionError('<pip._vendor.urllib3.connection.HTTPSConnection object at 0xffffefde5310>: Failed to establish a new connection: [Errno -2] Name or service not known')': /tqdm/
Collecting tqdm==4.70.0 (from -r /data/spf-development-20261007-r1/repo/scripts/reproduction/safety/gb200/ifbench-cpu-h100-20261006.txt (line 16))
  Downloading tqdm-4.70.0-py3-none-any.whl.metadata (57 kB)
     ━━━━━━━━━━━━━━━━━━━━━━━━━━━━━━━━━━━━━━━ 57.3/57.3 kB 300.3 MB/s eta 0:00:00
Downloading absl_py-2.5.0-py3-none-any.whl (137 kB)
   ━━━━━━━━━━━━━━━━━━━━━━━━━━━━━━━━━━━━━━━━ 137.4/137.4 kB 95.6 MB/s eta 0:00:00
Downloading click-8.5.0-py3-none-any.whl (125 kB)
   ━━━━━━━━━━━━━━━━━━━━━━━━━━━━━━━━━━━━━━━━ 125.3/125.3 kB 90.4 MB/s eta 0:00:00
Downloading defusedxml-0.7.1-py2.py3-none-any.whl (25 kB)
Downloading emoji-2.14.1-py3-none-any.whl (590 kB)
   ━━━━━━━━━━━━━━━━━━━━━━━━━━━━━━━━━━━━━━━━ 590.6/590.6 kB 41.3 MB/s eta 0:00:00
Downloading immutabledict-4.2.1-py3-none-any.whl (4.7 kB)
Downloading joblib-1.5.3-py3-none-any.whl (309 kB)
   ━━━━━━━━━━━━━━━━━━━━━━━━━━━━━━━━━━━━━━━ 309.1/309.1 kB 101.0 MB/s eta 0:00:00
Downloading nltk-3.10.3-py3-none-any.whl (1.8 MB)
   ━━━━━━━━━━━━━━━━━━━━━━━━━━━━━━━━━━━━━━━━ 1.8/1.8 MB 38.3 MB/s eta 0:00:00
Downloading regex-2026.7.19-cp312-cp312-manylinux2014_aarch64.manylinux_2_17_aarch64.manylinux_2_28_aarch64.whl (796 kB)
   ━━━━━━━━━━━━━━━━━━━━━━━━━━━━━━━━━━━━━━━ 796.7/796.7 kB 163.3 MB/s eta 0:00:00
Downloading six-1.17.0-py2.py3-none-any.whl (11 kB)
Downloading syllapy-0.8.0-py3-none-any.whl (24 kB)
Downloading tqdm-4.70.0-py3-none-any.whl (80 kB)
   ━━━━━━━━━━━━━━━━━━━━━━━━━━━━━━━━━━━━━━━━ 80.2/80.2 kB 387.2 MB/s eta 0:00:00
Building wheels for collected packages: langdetect
  Building wheel for langdetect (pyproject.toml): started
  Building wheel for langdetect (pyproject.toml): finished with status 'done'
  Created wheel for langdetect: filename=langdetect-1.0.9-py3-none-any.whl size=993332 sha256=bdd2db9c0a93c0da451db892772d21ea87fb8a564b33d9a46ae91005d05e8381
  Stored in directory: /tmp/pip-ephem-wheel-cache-n8uaubjz/wheels/c1/67/88/e844b5b022812e15a52e4eaa38a1e709e99f06f6639d7e3ba7
Successfully built langdetect
Installing collected packages: tqdm, syllapy, six, regex, joblib, immutabledict, emoji, defusedxml, click, absl-py, nltk, langdetect
Successfully installed absl-py-2.5.0 click-8.5.0 defusedxml-0.7.1 emoji-2.14.1 immutabledict-4.2.1 joblib-1.5.3 langdetect-1.0.9 nltk-3.10.3 regex-2026.7.19 six-1.17.0 syllapy-0.8.0 tqdm-4.70.0
